ABCDEFGHIJKLMNOPQRSTUVWXYZ012345ABCDEFGHIJKLMNOPQRSTUVWXYZ012345ABCDEFGHIJKLMNOPQRSTUVWXYZ012345ABCDEFGHIJKLMNOPQRSTUVWXYZ012345ABCDEFGHIJKLMNOPQRSTUVWXYZ012345ABCDEFGHIJKLMNOPQRSTUVWXYZ012345ABCDEFGHIJKLMNOPQRSTUVWXYZ012345ABCDEFGHIJKLMNOPQRSTUVWXYZ012345ABCDEFGHIJKLMNOPQRSTUVWXYZ012345ABCDEFGHIJKLMNOPQRSTUVWXYZ012345
